UNINITIALIZED x1 6
UNINITIALIZED x1 7
UNINITIALIZED x5 12
UNINITIALIZED x5 14
UNINITIALIZED x2 18